// Jest Snapshot v1, https://goo.gl/fbAQLP

exports[`Interface: Query Fn: getAggregationQuery 1`] = `5`;

exports[`Interface: Query Fn: pullPipe_5_paginating 1`] = `
Object {
  "$project": Object {
    "_id": 0,
    "list": Object {
      "$slice": Array [
        "$list",
        Object {
          "$multiply": Array [
            Object {
              "$add": Array [
                Object {
                  "$cond": Object {
                    "else": Object {
                      "$ceil": Object {
                        "$divide": Array [
                          "$count",
                          NaN,
                        ],
                      },
                    },
                    "if": Object {
                      "$lt": Array [
                        1,
                        Object {
                          "$ceil": Object {
                            "$divide": Array [
                              "$count",
                              NaN,
                            ],
                          },
                        },
                      ],
                    },
                    "then": Object {
                      "$literal": 1,
                    },
                  },
                },
                -1,
              ],
            },
            NaN,
          ],
        },
        NaN,
      ],
    },
    "meta": Object {
      "count": "$count",
      "end": Object {
        "$ceil": Object {
          "$divide": Array [
            "$count",
            NaN,
          ],
        },
      },
      "now": Object {
        "$cond": Object {
          "else": Object {
            "$ceil": Object {
              "$divide": Array [
                "$count",
                NaN,
              ],
            },
          },
          "if": Object {
            "$lt": Array [
              1,
              Object {
                "$ceil": Object {
                  "$divide": Array [
                    "$count",
                    NaN,
                  ],
                },
              },
            ],
          },
          "then": Object {
            "$literal": 1,
          },
        },
      },
      "num": Object {
        "$literal": NaN,
      },
      "period": Object {
        "$literal": undefined,
      },
      "sort": Object {
        "$literal": Object {
          "state.pinned": -1,
          "time._updated": -1,
        },
      },
    },
  },
}
`;

exports[`Interface: Query Fn: pullPipe_5_paginating 2`] = `
Object {
  "$project": Object {
    "_id": 0,
    "list": Object {
      "$slice": Array [
        "$list",
        Object {
          "$multiply": Array [
            Object {
              "$add": Array [
                Object {
                  "$cond": Object {
                    "else": Object {
                      "$ceil": Object {
                        "$divide": Array [
                          "$count",
                          NaN,
                        ],
                      },
                    },
                    "if": Object {
                      "$lt": Array [
                        1,
                        Object {
                          "$ceil": Object {
                            "$divide": Array [
                              "$count",
                              NaN,
                            ],
                          },
                        },
                      ],
                    },
                    "then": Object {
                      "$literal": 1,
                    },
                  },
                },
                -1,
              ],
            },
            NaN,
          ],
        },
        NaN,
      ],
    },
    "meta": Object {
      "count": "$count",
      "end": Object {
        "$ceil": Object {
          "$divide": Array [
            "$count",
            NaN,
          ],
        },
      },
      "now": Object {
        "$cond": Object {
          "else": Object {
            "$ceil": Object {
              "$divide": Array [
                "$count",
                NaN,
              ],
            },
          },
          "if": Object {
            "$lt": Array [
              1,
              Object {
                "$ceil": Object {
                  "$divide": Array [
                    "$count",
                    NaN,
                  ],
                },
              },
            ],
          },
          "then": Object {
            "$literal": 1,
          },
        },
      },
      "num": Object {
        "$literal": NaN,
      },
      "period": Object {
        "$literal": undefined,
      },
      "sort": Object {
        "$literal": Object {
          "state.pinned": -1,
          "time._updated": -1,
        },
      },
    },
  },
}
`;
